constructing old=CrossEncoderReranker() and D1 wrapper...
scoring old vs D1 on 50 SYSTEM-G pools (no retrieval)...
V2D-01 n=130 old_ce=7510.1ms new_ce=2438.1ms logits_eq=True widths_new=[41, 71, 103, 148, 198, 331, 512, 512, 512]
V2D-02 n=128 old_ce=7155.1ms new_ce=2092.2ms logits_eq=True widths_new=[56, 100, 125, 152, 201, 255, 364, 512]
V2D-03 n=122 old_ce=6432.6ms new_ce=2979.0ms logits_eq=True widths_new=[74, 142, 209, 290, 400, 512, 512, 512]
V2D-04 n=116 old_ce=6140.9ms new_ce=2320.3ms logits_eq=True widths_new=[59, 96, 136, 230, 291, 512, 512, 512]
V2D-05 n=128 old_ce=6680.0ms new_ce=2578.8ms logits_eq=True widths_new=[81, 117, 150, 195, 229, 433, 512, 512]
V2D-06 n=114 old_ce=5961.6ms new_ce=2396.9ms logits_eq=True widths_new=[108, 147, 167, 210, 259, 380, 512, 512]
V2D-07 n=128 old_ce=6936.9ms new_ce=2108.9ms logits_eq=True widths_new=[52, 78, 108, 134, 232, 286, 399, 512]
V2D-08 n=128 old_ce=6713.4ms new_ce=3752.4ms logits_eq=True widths_new=[68, 111, 146, 198, 288, 391, 512, 512]
V2D-09 n=129 old_ce=7139.2ms new_ce=1739.5ms logits_eq=True widths_new=[44, 64, 86, 124, 149, 205, 300, 512, 512]
V2D-10 n=116 old_ce=6341.5ms new_ce=1948.1ms logits_eq=True widths_new=[68, 84, 119, 181, 245, 336, 512, 512]
V2D-11 n=124 old_ce=6887.0ms new_ce=1642.6ms logits_eq=True widths_new=[50, 79, 97, 112, 137, 216, 339, 512]
V2D-12 n=128 old_ce=6861.2ms new_ce=2435.7ms logits_eq=True widths_new=[72, 104, 133, 171, 254, 329, 512, 512]
V2D-13 n=127 old_ce=7073.5ms new_ce=1759.1ms logits_eq=True widths_new=[52, 73, 103, 132, 161, 204, 313, 512]
V2D-14 n=124 old_ce=6641.5ms new_ce=2136.4ms logits_eq=True widths_new=[53, 75, 112, 142, 185, 353, 512, 512]
V2D-15 n=129 old_ce=7453.2ms new_ce=1887.4ms logits_eq=True widths_new=[65, 95, 125, 138, 160, 205, 272, 512, 512]
V2D-16 n=126 old_ce=6895.1ms new_ce=2005.7ms logits_eq=True widths_new=[53, 86, 113, 135, 167, 237, 330, 512]
V2D-17 n=118 old_ce=6351.0ms new_ce=1844.7ms logits_eq=True widths_new=[42, 78, 121, 167, 205, 254, 512, 512]
V2D-18 n=127 old_ce=6906.1ms new_ce=2714.6ms logits_eq=True widths_new=[69, 97, 128, 170, 223, 342, 512, 512]
V2D-19 n=130 old_ce=7144.5ms new_ce=1617.2ms logits_eq=True widths_new=[34, 50, 82, 99, 132, 172, 264, 444, 512]
V2D-20 n=127 old_ce=6945.4ms new_ce=2828.0ms logits_eq=True widths_new=[70, 103, 143, 225, 303, 512, 512, 512]
V2D-21 n=127 old_ce=6778.4ms new_ce=2046.9ms logits_eq=True widths_new=[71, 88, 114, 141, 171, 217, 299, 512]
V2D-22 n=126 old_ce=6718.0ms new_ce=2095.9ms logits_eq=True widths_new=[64, 107, 147, 172, 212, 262, 345, 512]
V2D-23 n=126 old_ce=6751.5ms new_ce=2527.1ms logits_eq=True widths_new=[55, 108, 144, 178, 259, 334, 512, 512]
V2D-24 n=125 old_ce=7094.9ms new_ce=1899.6ms logits_eq=True widths_new=[31, 62, 105, 137, 185, 260, 445, 512]
V2D-25 n=115 old_ce=6250.1ms new_ce=1866.3ms logits_eq=True widths_new=[38, 83, 126, 171, 257, 326, 512, 512]
V2D-26 n=118 old_ce=6240.3ms new_ce=2227.2ms logits_eq=True widths_new=[26, 82, 136, 174, 216, 364, 512, 512]
V2D-27 n=127 old_ce=6960.9ms new_ce=2155.3ms logits_eq=True widths_new=[65, 102, 126, 164, 202, 278, 454, 512]
V2D-28 n=129 old_ce=7059.0ms new_ce=1822.1ms logits_eq=True widths_new=[64, 79, 86, 97, 128, 205, 306, 512, 512]
V2D-29 n=114 old_ce=6291.5ms new_ce=2411.3ms logits_eq=True widths_new=[68, 98, 139, 195, 222, 316, 512, 512]
V2D-30 n=125 old_ce=7189.4ms new_ce=2276.1ms logits_eq=True widths_new=[45, 60, 78, 116, 139, 198, 286, 512]
V2D-31 n=126 old_ce=7172.4ms new_ce=2538.3ms logits_eq=True widths_new=[60, 102, 158, 203, 271, 383, 512, 512]
V2D-32 n=124 old_ce=6517.5ms new_ce=1783.6ms logits_eq=True widths_new=[52, 109, 142, 166, 201, 243, 325, 512]
V2D-33 n=114 old_ce=5965.0ms new_ce=2115.1ms logits_eq=True widths_new=[77, 97, 136, 189, 241, 351, 512, 512]
V2D-34 n=127 old_ce=7026.1ms new_ce=1684.8ms logits_eq=True widths_new=[25, 52, 80, 108, 150, 208, 353, 512]
V2D-35 n=123 old_ce=7028.3ms new_ce=1560.0ms logits_eq=True widths_new=[19, 34, 66, 103, 150, 198, 336, 512]
V2D-36 n=129 old_ce=7161.8ms new_ce=1729.4ms logits_eq=True widths_new=[26, 29, 67, 108, 135, 174, 316, 512, 512]
V2D-37 n=125 old_ce=6854.0ms new_ce=2151.0ms logits_eq=True widths_new=[60, 81, 111, 140, 182, 258, 418, 512]
V2D-38 n=122 old_ce=6922.2ms new_ce=1939.2ms logits_eq=True widths_new=[76, 96, 125, 153, 194, 286, 394, 512]
V2D-39 n=128 old_ce=7191.3ms new_ce=2048.3ms logits_eq=True widths_new=[60, 82, 100, 119, 139, 225, 439, 512]
V2D-40 n=130 old_ce=7196.8ms new_ce=2119.3ms logits_eq=True widths_new=[35, 56, 94, 125, 174, 297, 414, 512, 512]
V2D-41 n=127 old_ce=6727.0ms new_ce=2168.7ms logits_eq=True widths_new=[47, 76, 116, 138, 187, 263, 439, 512]
V2D-42 n=123 old_ce=6743.1ms new_ce=2219.9ms logits_eq=True widths_new=[48, 84, 112, 119, 151, 194, 274, 512]
V2D-43 n=126 old_ce=6694.6ms new_ce=1828.0ms logits_eq=True widths_new=[49, 72, 106, 142, 181, 229, 336, 512]
V2D-44 n=117 old_ce=6516.1ms new_ce=1720.3ms logits_eq=True widths_new=[58, 81, 121, 176, 217, 274, 449, 512]
V2D-45 n=124 old_ce=6607.4ms new_ce=2233.0ms logits_eq=True widths_new=[67, 92, 129, 170, 207, 279, 512, 512]
V2D-46 n=116 old_ce=6328.4ms new_ce=2142.1ms logits_eq=True widths_new=[68, 127, 170, 204, 260, 370, 512, 512]
V2D-47 n=128 old_ce=7108.1ms new_ce=1894.0ms logits_eq=True widths_new=[49, 67, 104, 126, 166, 247, 356, 512]
V2D-48 n=120 old_ce=6653.1ms new_ce=1468.5ms logits_eq=True widths_new=[43, 71, 88, 135, 189, 229, 342, 512]
V2D-49 n=125 old_ce=7174.7ms new_ce=1748.1ms logits_eq=True widths_new=[50, 71, 97, 128, 200, 246, 352, 512]
V2D-50 n=120 old_ce=6466.5ms new_ce=2233.8ms logits_eq=True widths_new=[87, 121, 134, 183, 239, 281, 444, 512]
fresh-process repeat...
V2D-01 n=130 old_ce=7382.0ms new_ce=2686.4ms logits_eq=True widths_new=[41, 71, 103, 148, 198, 331, 512, 512, 512]
V2D-02 n=128 old_ce=6920.6ms new_ce=2185.8ms logits_eq=True widths_new=[56, 100, 125, 152, 201, 255, 364, 512]
V2D-03 n=122 old_ce=6129.0ms new_ce=2959.8ms logits_eq=True widths_new=[74, 142, 209, 290, 400, 512, 512, 512]
V2D-04 n=116 old_ce=6228.2ms new_ce=2367.8ms logits_eq=True widths_new=[59, 96, 136, 230, 291, 512, 512, 512]
V2D-05 n=128 old_ce=6543.4ms new_ce=2598.0ms logits_eq=True widths_new=[81, 117, 150, 195, 229, 433, 512, 512]
V2D-06 n=114 old_ce=6036.1ms new_ce=2154.3ms logits_eq=True widths_new=[108, 147, 167, 210, 259, 380, 512, 512]
V2D-07 n=128 old_ce=6903.4ms new_ce=3095.1ms logits_eq=True widths_new=[52, 78, 108, 134, 232, 286, 399, 512]
V2D-08 n=128 old_ce=6973.0ms new_ce=2672.8ms logits_eq=True widths_new=[68, 111, 146, 198, 288, 391, 512, 512]
V2D-09 n=129 old_ce=7362.1ms new_ce=1802.7ms logits_eq=True widths_new=[44, 64, 86, 124, 149, 205, 300, 512, 512]
V2D-10 n=116 old_ce=6255.8ms new_ce=1970.3ms logits_eq=True widths_new=[68, 84, 119, 181, 245, 336, 512, 512]
V2D-11 n=124 old_ce=7553.5ms new_ce=1667.9ms logits_eq=True widths_new=[50, 79, 97, 112, 137, 216, 339, 512]
V2D-12 n=128 old_ce=6828.6ms new_ce=2422.3ms logits_eq=True widths_new=[72, 104, 133, 171, 254, 329, 512, 512]
V2D-13 n=127 old_ce=6854.8ms new_ce=1835.5ms logits_eq=True widths_new=[52, 73, 103, 132, 161, 204, 313, 512]
V2D-14 n=124 old_ce=6483.2ms new_ce=2176.2ms logits_eq=True widths_new=[53, 75, 112, 142, 185, 353, 512, 512]
V2D-15 n=129 old_ce=7112.2ms new_ce=1878.3ms logits_eq=True widths_new=[65, 95, 125, 138, 160, 205, 272, 512, 512]
V2D-16 n=126 old_ce=6856.5ms new_ce=1788.5ms logits_eq=True widths_new=[53, 86, 113, 135, 167, 237, 330, 512]
V2D-17 n=118 old_ce=6394.4ms new_ce=1893.6ms logits_eq=True widths_new=[42, 78, 121, 167, 205, 254, 512, 512]
V2D-18 n=127 old_ce=7140.0ms new_ce=2398.1ms logits_eq=True widths_new=[69, 97, 128, 170, 223, 342, 512, 512]
V2D-19 n=130 old_ce=7164.3ms new_ce=1580.0ms logits_eq=True widths_new=[34, 50, 82, 99, 132, 172, 264, 444, 512]
V2D-20 n=127 old_ce=7158.5ms new_ce=2915.8ms logits_eq=True widths_new=[70, 103, 143, 225, 303, 512, 512, 512]
V2D-21 n=127 old_ce=6880.6ms new_ce=1894.7ms logits_eq=True widths_new=[71, 88, 114, 141, 171, 217, 299, 512]
V2D-22 n=126 old_ce=6867.3ms new_ce=1971.5ms logits_eq=True widths_new=[64, 107, 147, 172, 212, 262, 345, 512]
V2D-23 n=126 old_ce=6609.8ms new_ce=2322.2ms logits_eq=True widths_new=[55, 108, 144, 178, 259, 334, 512, 512]
V2D-24 n=125 old_ce=6930.2ms new_ce=1968.9ms logits_eq=True widths_new=[31, 62, 105, 137, 185, 260, 445, 512]
V2D-25 n=115 old_ce=6409.6ms new_ce=1999.0ms logits_eq=True widths_new=[38, 83, 126, 171, 257, 326, 512, 512]
V2D-26 n=118 old_ce=6295.3ms new_ce=1959.9ms logits_eq=True widths_new=[26, 82, 136, 174, 216, 364, 512, 512]
V2D-27 n=127 old_ce=6868.9ms new_ce=2196.8ms logits_eq=True widths_new=[65, 102, 126, 164, 202, 278, 454, 512]
V2D-28 n=129 old_ce=7260.0ms new_ce=1786.5ms logits_eq=True widths_new=[64, 79, 86, 97, 128, 205, 306, 512, 512]
V2D-29 n=114 old_ce=6434.4ms new_ce=1847.1ms logits_eq=True widths_new=[68, 98, 139, 195, 222, 316, 512, 512]
V2D-30 n=125 old_ce=6820.9ms new_ce=1775.0ms logits_eq=True widths_new=[45, 60, 78, 116, 139, 198, 286, 512]
V2D-31 n=126 old_ce=6672.9ms new_ce=2616.3ms logits_eq=True widths_new=[60, 102, 158, 203, 271, 383, 512, 512]
V2D-32 n=124 old_ce=6713.3ms new_ce=2024.8ms logits_eq=True widths_new=[52, 109, 142, 166, 201, 243, 325, 512]
V2D-33 n=114 old_ce=6535.0ms new_ce=2061.0ms logits_eq=True widths_new=[77, 97, 136, 189, 241, 351, 512, 512]
V2D-34 n=127 old_ce=7050.2ms new_ce=1728.5ms logits_eq=True widths_new=[25, 52, 80, 108, 150, 208, 353, 512]
V2D-35 n=123 old_ce=6747.1ms new_ce=1421.1ms logits_eq=True widths_new=[19, 34, 66, 103, 150, 198, 336, 512]
V2D-36 n=129 old_ce=7144.9ms new_ce=1739.7ms logits_eq=True widths_new=[26, 29, 67, 108, 135, 174, 316, 512, 512]
V2D-37 n=125 old_ce=6888.8ms new_ce=1888.4ms logits_eq=True widths_new=[60, 81, 111, 140, 182, 258, 418, 512]
V2D-38 n=122 old_ce=6482.7ms new_ce=2306.0ms logits_eq=True widths_new=[76, 96, 125, 153, 194, 286, 394, 512]
V2D-39 n=128 old_ce=7176.2ms new_ce=1938.7ms logits_eq=True widths_new=[60, 82, 100, 119, 139, 225, 439, 512]
V2D-40 n=130 old_ce=7195.5ms new_ce=2006.8ms logits_eq=True widths_new=[35, 56, 94, 125, 174, 297, 414, 512, 512]
V2D-41 n=127 old_ce=6973.3ms new_ce=1975.0ms logits_eq=True widths_new=[47, 76, 116, 138, 187, 263, 439, 512]
V2D-42 n=123 old_ce=6570.7ms new_ce=1527.5ms logits_eq=True widths_new=[48, 84, 112, 119, 151, 194, 274, 512]
V2D-43 n=126 old_ce=6828.4ms new_ce=1820.2ms logits_eq=True widths_new=[49, 72, 106, 142, 181, 229, 336, 512]
V2D-44 n=117 old_ce=6214.0ms new_ce=1725.3ms logits_eq=True widths_new=[58, 81, 121, 176, 217, 274, 449, 512]
V2D-45 n=124 old_ce=6806.4ms new_ce=2109.3ms logits_eq=True widths_new=[67, 92, 129, 170, 207, 279, 512, 512]
V2D-46 n=116 old_ce=6362.2ms new_ce=2105.0ms logits_eq=True widths_new=[68, 127, 170, 204, 260, 370, 512, 512]
V2D-47 n=128 old_ce=7165.3ms new_ce=2153.7ms logits_eq=True widths_new=[49, 67, 104, 126, 166, 247, 356, 512]
V2D-48 n=120 old_ce=6637.2ms new_ce=1553.4ms logits_eq=True widths_new=[43, 71, 88, 135, 189, 229, 342, 512]
V2D-49 n=125 old_ce=7512.8ms new_ce=1800.5ms logits_eq=True widths_new=[50, 71, 97, 128, 200, 246, 352, 512]
V2D-50 n=120 old_ce=6198.0ms new_ce=1903.1ms logits_eq=True widths_new=[87, 121, 134, 183, 239, 281, 444, 512]
wrote /workspace/rag-v1/repo/production-rag-v1/experiments/PERF-003/logs/PERF-003-fresh-logits.jsonl
decision FAILED_EQUIVALENCE eq False artifact None
